Script started on Fri 06 Nov 2015 10:33:06 PM PST
]0;jphan016@hammer:~/ucr-cs100/rshell/bin[?1034h[jphan016@hammer bin]$ .[K./rshell
jphan016@hammer.cs.ucr.edu $ exit && exit || exit                      exit || exit && exit                      ls -a || exit
.  ..  commented_command  exit	multi_command  rshell  single_command
jphan016@hammer.cs.ucr.edu $ echo sup    fail || exit
Error in execvp: No such file or directory
Debug Test: See ya!
Sayonara!

]0;jphan016@hammer:~/ucr-cs100/rshell/bin[jphan016@hammer bin]$ ./rshell
jphan016@hammer.cs.ucr.edu $ e ex  ex  echo hello world && cal || exit && echo scuess!      uccess!
hello world
    November 2015   
Su Mo Tu We Th Fr Sa
 1  2  3  4  5 [7m 6[27m  7
 8  9 10 11 12 13 14
15 16 17 18 19 20 21
22 23 24 25 26 27 28
29 30

success!
jphan016@hammer.cs.ucr.edu $ echo hi ; exit
hi
Debug Test: See ya!
Sayonara!

]0;jphan016@hammer:~/ucr-cs100/rshell/bin[jphan016@hammer bin]$ r[K./rshell
jphan016@hammer.cs.ucr.edu $ mkdir exit ||  && ex  exit
mkdir: cannot create directory `exit': File exists
jphan016@hammer.cs.ucr.edu $ echo exit && exit || ls -a # exit
Debug Test: if statement cmd say: echo exit && exit || ls -a 
exit
Debug Test: See ya!
Sayonara!

]0;jphan016@hammer:~/ucr-cs100/rshell/bin[jphan016@hammer bin]$ ./rshell
jphan016@hammer.cs.ucr.edu $ exit
Debug Test: See ya!
Sayonara!

]0;jphan016@hammer:~/ucr-cs100/rshell/bin[jphan016@hammer bin]$ exit
exit

Script done on Fri 06 Nov 2015 10:36:43 PM PST
