Script started on Fri 06 Nov 2015 10:29:14 PM PST
[jphan016@hammer bin]$ ./rshell
jphan016@hammer.cs.ucr.edu $ echo hellworld #do not show this part
Debug Test: if statement cmd say: echo hellworld
hellworld
jphan016@hammer.cs.ucr.edu $ echohellworld#don't showthispart
Debug Test: if statement cmd say: echohellworld
Error in execvp: No such file or directory
jphan016@hammer.cs.ucr.edu $ echo hi && ls -a #doonot show this part
Debug Test: if statement cmd say: echo hi && ls -a
hi
.  ..  commented_command  multi_command	 rshell	 single_command
jphan016@hammer.cs.ucr.edu $ ls -a#do not show this part
Debug Test: if statement cmd say: ls -a
.  ..  commented_command  multi_command	 rshell	 single_command
jphan016@hammer.cs.ucr.edu $ echo hell world ##do notsshow this part
Debug Test: if statement cmd say: echo hell world
hell world
jphan016@hammer.cs.ucr.edu $ echo "#"
Debug Test: if statement cmd say: echo "
"
jphan016@hammer.cs.ucr.edu $ pwdo#donnot show this && cal && date #echo do this && datesd || echo #don't show this part
Debug Test: if statement cmd say: pwd
/home/csmajs/jphan016/ucr-cs100/rshell/bin
jphan016@hammer.cs.ucr.edu $ cal #do not show this part
Debug Test: if statement cmd say: cal
    November 2015
Su Mo Tu We Th Fr Sa
 1  2  3  4  5	6  7
 8  9 10 11 12 13 14
15 16 17 18 19 20 21
22 23 24 25 26 27 28
29 30

jphan016@hammer.cs.ucr.edu $   #lsa-ahappens
Debug Test: if statement cmd say:
Error in execvp: No such file or directory
jphan016@hammer.cs.ucr.edu $ exit
Debug Test: See ya!
Sayonara!

[jphan016@hammer bin]$ exit
exit

Script done on Fri 06 Nov 2015 10:32:54 PM PST
